=== Arithmetic Operations Tests ===
3
4
hello world
2
8
12
10
4
3.75
3.5
14
20
4
24
-5
5
2
8
5
5
0
0
5
Arithmetic tests completed
