=== Error Condition Tests ===
Testing undefined property access...
Testing 'this' outside class...
Testing method call on non-instance...
Testing property set on non-instance...
\n=== Edge Case Tests ===
NoMethods instance
30
property
inner
EmptyInit instance
16
\n=== Method Binding Tests ===
test
\n=== Complex Scoping Tests ===
42
10
20
\n=== All Additional Tests Completed ===
