=== Testing Class Name Access Within Methods ===
instance
SelfReference
SelfReference instance
Test completed
