DevonshireCream
DevonshireCream
Bagel instance
Crunch crunch crunch!
The German chocolate cake is delicious!
Foo instance
Foo instance
Foo instance
Foo instance
