=== Comparison Operators Tests ===
true
false
true
true
true
false
true
false
true
false
false
true
false
false
false
true
false
true
false
true
true
false
false
true
false
true
false
true
true
false
true
true
false
false
true
false
true
false
true
true
false
true
true
true
true
false
true
true
true
true
Comparison tests completed
