=== Comprehensive Class Bug Test Suite ===
Test1 instance
42
Test2 instance
84
2
test
method
property
100
200
300
1
1
2
2
\n=== All Comprehensive Tests Completed ===
