[line 9] Error at 'return': Can't return a value from an initializer.
