=== Logical Operators Tests ===
true
true
true
false
false
false
true
false
Testing short-circuit:
true
0
1
1
false
0
1
1
false
true
true
false
true
false
true
true
false
true
Logical tests completed
