=== Unary Operators Tests ===
-5
5
-0
-1.5
1.5
-10
10
-3
-10
-5
false
true
true
false
true
false
false
false
false
false
true
false
true
true
false
-5
-2
false
true
-5
-42
false
Unary tests completed
